
> banking-frontend@0.0.0 build
> tsc -b && vite build

src/App.tsx(1,1): error TS6133: 'React' is declared but its value is never read.
src/components/BalanceCard.tsx(1,1): error TS6133: 'React' is declared but its value is never read.
src/components/DepositForm.tsx(1,8): error TS6133: 'React' is declared but its value is never read.
src/components/Navbar.tsx(1,1): error TS6133: 'React' is declared but its value is never read.
src/components/Sidebar.tsx(1,1): error TS6133: 'React' is declared but its value is never read.
src/components/TransactionTable.tsx(1,1): error TS6133: 'React' is declared but its value is never read.
src/components/TransactionTable.tsx(2,10): error TS1484: 'Transaction' is a type and must be imported using a type-only import when 'verbatimModuleSyntax' is enabled.
src/components/WithdrawForm.tsx(1,8): error TS6133: 'React' is declared but its value is never read.
src/context/AuthContext.tsx(1,8): error TS6133: 'React' is declared but its value is never read.
src/context/AuthContext.tsx(1,53): error TS1484: 'ReactNode' is a type and must be imported using a type-only import when 'verbatimModuleSyntax' is enabled.
src/context/AuthContext.tsx(2,10): error TS1484: 'User' is a type and must be imported using a type-only import when 'verbatimModuleSyntax' is enabled.
src/pages/DashboardPage.tsx(1,8): error TS6133: 'React' is declared but its value is never read.
src/pages/DashboardPage.tsx(7,10): error TS1484: 'AccountBalance' is a type and must be imported using a type-only import when 'verbatimModuleSyntax' is enabled.
src/pages/DashboardPage.tsx(7,26): error TS1484: 'Transaction' is a type and must be imported using a type-only import when 'verbatimModuleSyntax' is enabled.
src/pages/DepositPage.tsx(1,8): error TS6133: 'React' is declared but its value is never read.
src/pages/LoginPage.tsx(1,8): error TS6133: 'React' is declared but its value is never read.
src/pages/OTPVerificationPage.tsx(1,8): error TS6133: 'React' is declared but its value is never read.
src/pages/RegisterPage.tsx(1,8): error TS6133: 'React' is declared but its value is never read.
src/pages/TransactionsPage.tsx(1,8): error TS6133: 'React' is declared but its value is never read.
src/pages/TransactionsPage.tsx(5,10): error TS1484: 'Transaction' is a type and must be imported using a type-only import when 'verbatimModuleSyntax' is enabled.
src/pages/WithdrawPage.tsx(1,8): error TS6133: 'React' is declared but its value is never read.
src/router/AppRouter.tsx(1,1): error TS6133: 'React' is declared but its value is never read.
src/services/accountService.ts(2,10): error TS1484: 'AccountBalance' is a type and must be imported using a type-only import when 'verbatimModuleSyntax' is enabled.
src/services/authService.ts(2,10): error TS1484: 'AuthResponse' is a type and must be imported using a type-only import when 'verbatimModuleSyntax' is enabled.
src/services/transactionService.ts(2,10): error TS1484: 'Transaction' is a type and must be imported using a type-only import when 'verbatimModuleSyntax' is enabled.
src/services/transactionService.ts(2,23): error TS1484: 'TransactionsResponse' is a type and must be imported using a type-only import when 'verbatimModuleSyntax' is enabled.
